mode: set
dominus-broker/internal/application/usecases/ack/ack_service.go:9.64,11.41 2 0
dominus-broker/internal/application/usecases/ack/ack_service.go:11.41,13.3 1 0
dominus-broker/internal/application/usecases/ack/ack_service.go:14.2,14.69 1 0
dominus-broker/internal/application/usecases/ack/factory.go:16.55,19.2 1 0
dominus-broker/internal/application/usecases/stream_client/factory.go:13.64,15.2 1 0
dominus-broker/internal/application/usecases/stream_client/stream_client_service.go:9.70,14.16 5 0
dominus-broker/internal/application/usecases/stream_client/stream_client_service.go:14.16,16.3 1 0
dominus-broker/internal/application/usecases/stream_client/stream_client_service.go:17.2,18.27 2 0
dominus-broker/internal/application/usecases/stream_client/stream_client_service.go:18.27,20.3 1 0
dominus-broker/internal/application/usecases/stream_client/stream_client_service.go:22.2,25.6 3 0
dominus-broker/internal/application/usecases/stream_client/stream_client_service.go:25.6,27.17 2 0
dominus-broker/internal/application/usecases/stream_client/stream_client_service.go:27.17,31.4 3 0
dominus-broker/internal/application/usecases/stream_client/stream_client_service.go:32.3,32.29 1 0
dominus-broker/internal/application/usecases/stream_bidirectional/factory.go:13.71,15.2 1 0
dominus-broker/internal/application/usecases/stream_bidirectional/stream_bidirectional_service.go:9.95,14.16 5 0
dominus-broker/internal/application/usecases/stream_bidirectional/stream_bidirectional_service.go:14.16,16.3 1 0
dominus-broker/internal/application/usecases/stream_bidirectional/stream_bidirectional_service.go:17.2,18.27 2 0
dominus-broker/internal/application/usecases/stream_bidirectional/stream_bidirectional_service.go:18.27,20.3 1 0
dominus-broker/internal/application/usecases/stream_bidirectional/stream_bidirectional_service.go:21.2,29.12 6 0
dominus-broker/internal/application/usecases/stream_bidirectional/stream_bidirectional_service.go:29.12,30.7 1 0
dominus-broker/internal/application/usecases/stream_bidirectional/stream_bidirectional_service.go:30.7,32.18 2 0
dominus-broker/internal/application/usecases/stream_bidirectional/stream_bidirectional_service.go:32.18,35.5 2 0
dominus-broker/internal/application/usecases/stream_bidirectional/stream_bidirectional_service.go:36.4,36.34 1 0
dominus-broker/internal/application/usecases/stream_bidirectional/stream_bidirectional_service.go:41.2,41.6 1 0
dominus-broker/internal/application/usecases/stream_bidirectional/stream_bidirectional_service.go:41.6,42.10 1 0
dominus-broker/internal/application/usecases/stream_bidirectional/stream_bidirectional_service.go:43.35,44.10 1 0
dominus-broker/internal/application/usecases/stream_bidirectional/stream_bidirectional_service.go:44.10,45.48 1 0
dominus-broker/internal/application/usecases/stream_bidirectional/stream_bidirectional_service.go:45.48,47.6 1 0
dominus-broker/internal/application/usecases/stream_bidirectional/stream_bidirectional_service.go:49.17,52.82 3 0
dominus-broker/config/config.go:53.26,59.15 5 0
dominus-broker/config/config.go:59.15,60.42 1 0
dominus-broker/config/config.go:62.2,62.65 1 0
dominus-broker/config/config.go:62.65,63.13 1 0
dominus-broker/config/config.go:65.2,65.45 1 0
dominus-broker/config/config.go:65.45,66.13 1 0
dominus-broker/config/config.go:68.2,68.48 1 0
dominus-broker/config/config.go:68.48,69.13 1 0
dominus-broker/config/config.go:71.2,71.43 1 0
dominus-broker/config/config.go:71.43,72.13 1 0
dominus-broker/config/config.go:74.2,74.48 1 0
dominus-broker/config/config.go:74.48,75.13 1 0
dominus-broker/config/config.go:77.2,77.12 1 0
dominus-broker/config/config.go:80.40,81.30 1 0
dominus-broker/config/config.go:81.30,83.3 1 0
dominus-broker/config/config.go:84.2,84.29 1 0
dominus-broker/config/config.go:84.29,86.3 1 0
dominus-broker/config/config.go:87.2,87.12 1 0
dominus-broker/config/config.go:90.45,91.28 1 0
dominus-broker/config/config.go:91.28,93.3 1 0
dominus-broker/config/config.go:94.2,94.33 1 0
dominus-broker/config/config.go:94.33,96.3 1 0
dominus-broker/config/config.go:97.2,97.12 1 0
dominus-broker/config/config.go:100.45,101.28 1 0
dominus-broker/config/config.go:101.28,103.3 1 0
dominus-broker/config/config.go:104.2,104.33 1 0
dominus-broker/config/config.go:104.33,106.3 1 0
dominus-broker/config/config.go:107.2,107.37 1 0
dominus-broker/config/config.go:107.37,109.3 1 0
dominus-broker/config/config.go:110.2,110.12 1 0
dominus-broker/internal/application/usecases/stream_server/factory.go:13.64,15.2 1 0
dominus-broker/internal/application/usecases/stream_server/stream_server_service.go:9.92,13.27 4 0
dominus-broker/internal/application/usecases/stream_server/stream_server_service.go:13.27,15.3 1 0
dominus-broker/internal/application/usecases/stream_server/stream_server_service.go:16.2,23.6 6 0
dominus-broker/internal/application/usecases/stream_server/stream_server_service.go:23.6,24.10 1 0
dominus-broker/internal/application/usecases/stream_server/stream_server_service.go:25.29,26.10 1 0
dominus-broker/internal/application/usecases/stream_server/stream_server_service.go:26.10,27.41 1 0
dominus-broker/internal/application/usecases/stream_server/stream_server_service.go:27.41,29.6 1 0
dominus-broker/internal/application/usecases/stream_server/stream_server_service.go:31.17,34.68 3 0
dominus-broker/internal/application/usecases/producer/factory.go:16.60,18.2 1 0
dominus-broker/internal/application/usecases/producer/producer_service.go:9.79,11.23 2 0
dominus-broker/internal/application/usecases/producer/producer_service.go:11.23,13.3 1 0
dominus-broker/internal/application/usecases/producer/producer_service.go:14.2,15.37 2 0
dominus-broker/cmd/api/main.go:30.13,34.22 3 0
dominus-broker/cmd/api/main.go:34.22,40.3 5 0
dominus-broker/cmd/api/main.go:43.13,47.2 2 0
dominus-broker/internal/application/usecases/consumer/consumer_service.go:8.100,10.2 1 0
dominus-broker/internal/application/usecases/consumer/factory.go:17.60,19.2 1 0
dominus-broker/internal/bootstraps/bootstraps.go:54.16,73.48 5 0
dominus-broker/internal/bootstraps/bootstraps.go:73.48,75.17 2 0
dominus-broker/internal/bootstraps/bootstraps.go:75.17,77.14 2 0
dominus-broker/internal/bootstraps/bootstraps.go:79.3,82.17 3 0
dominus-broker/internal/bootstraps/bootstraps.go:82.17,84.14 2 0
dominus-broker/internal/bootstraps/bootstraps.go:86.3,86.63 1 0
dominus-broker/internal/bootstraps/bootstraps.go:87.8,89.3 1 0
dominus-broker/internal/bootstraps/bootstraps.go:91.2,138.62 11 0
dominus-broker/internal/bootstraps/bootstraps.go:138.62,140.3 1 0
dominus-broker/internal/bootstraps/bootstraps.go:143.2,166.16 6 0
dominus-broker/internal/bootstraps/bootstraps.go:166.16,169.3 2 0
dominus-broker/internal/bootstraps/bootstraps.go:170.2,170.73 1 0
dominus-broker/internal/bootstraps/bootstraps.go:170.73,173.3 2 0
dominus-broker/internal/bootstraps/bootstraps.go:175.2,175.15 1 0
dominus-broker/internal/bootstraps/bootstraps.go:185.20,207.32 8 0
dominus-broker/internal/bootstraps/bootstraps.go:207.32,208.68 1 0
dominus-broker/internal/bootstraps/bootstraps.go:208.68,211.4 2 0
dominus-broker/internal/bootstraps/bootstraps.go:212.8,213.50 1 0
dominus-broker/internal/bootstraps/bootstraps.go:213.50,216.4 2 0
dominus-broker/internal/bootstraps/bootstraps.go:219.2,219.11 1 0
dominus-broker/internal/bootstraps/bootstraps.go:222.98,237.2 5 0
dominus-broker/internal/bootstraps/bootstraps.go:239.52,275.16 14 0
dominus-broker/internal/bootstraps/bootstraps.go:275.16,276.29 1 0
dominus-broker/internal/bootstraps/bootstraps.go:283.2,283.32 1 0
dominus-broker/internal/bootstraps/bootstraps.go:283.32,284.18 1 0
dominus-broker/internal/bootstraps/bootstraps.go:284.18,286.4 1 0
dominus-broker/internal/bootstraps/bootstraps.go:286.9,288.4 1 0
dominus-broker/internal/bootstraps/bootstraps.go:289.8,290.18 1 0
dominus-broker/internal/bootstraps/bootstraps.go:290.18,292.4 1 0
dominus-broker/internal/bootstraps/bootstraps.go:292.9,294.4 1 0
dominus-broker/internal/bootstraps/bootstraps.go:302.2,302.9 1 0
dominus-broker/internal/bootstraps/bootstraps.go:303.19,304.19 1 0
dominus-broker/internal/bootstraps/bootstraps.go:305.20,306.36 1 0
dominus-broker/internal/bootstraps/bootstraps.go:309.2,309.37 1 0
dominus-broker/internal/bootstraps/bootstraps.go:309.37,311.3 1 0
dominus-broker/internal/bootstraps/bootstraps.go:312.2,313.11 2 0
dominus-broker/internal/infrastructure/grpc/middlewares/interceptors.go:24.64,29.2 1 0
dominus-broker/internal/infrastructure/grpc/middlewares/interceptors.go:32.60,36.2 3 0
dominus-broker/internal/infrastructure/grpc/middlewares/interceptors.go:39.78,43.16 4 0
dominus-broker/internal/infrastructure/grpc/middlewares/interceptors.go:43.16,46.3 2 0
dominus-broker/internal/infrastructure/grpc/middlewares/interceptors.go:47.2,47.15 1 0
dominus-broker/internal/infrastructure/grpc/middlewares/middlewares.go:33.93,39.2 1 0
dominus-broker/internal/infrastructure/grpc/middlewares/middlewares.go:41.78,44.9 3 0
dominus-broker/internal/infrastructure/grpc/middlewares/middlewares.go:44.9,47.3 2 0
dominus-broker/internal/infrastructure/grpc/middlewares/middlewares.go:48.2,51.74 4 0
dominus-broker/internal/infrastructure/grpc/middlewares/middlewares.go:51.74,54.3 2 0
dominus-broker/internal/infrastructure/grpc/middlewares/middlewares.go:55.2,55.17 1 0
dominus-broker/internal/infrastructure/grpc/middlewares/middlewares.go:58.130,61.2 2 0
dominus-broker/internal/infrastructure/grpc/middlewares/middlewares.go:63.127,66.2 2 0
dominus-broker/internal/infrastructure/grpc/middlewares/middlewares.go:68.50,69.102 1 0
dominus-broker/internal/infrastructure/grpc/middlewares/middlewares.go:69.102,71.16 2 0
dominus-broker/internal/infrastructure/grpc/middlewares/middlewares.go:72.27,73.18 1 0
dominus-broker/internal/infrastructure/grpc/middlewares/middlewares.go:74.26,75.17 1 0
dominus-broker/internal/infrastructure/grpc/middlewares/middlewares.go:76.26,77.17 1 0
dominus-broker/internal/infrastructure/grpc/middlewares/middlewares.go:78.11,79.18 1 0
dominus-broker/internal/infrastructure/grpc/middlewares/middlewares.go:82.3,82.47 1 0
dominus-broker/internal/infrastructure/grpc/middlewares/middlewares.go:86.81,90.9 3 0
dominus-broker/internal/infrastructure/grpc/middlewares/middlewares.go:90.9,93.3 2 0
dominus-broker/internal/infrastructure/grpc/middlewares/middlewares.go:95.2,96.20 2 0
dominus-broker/internal/infrastructure/grpc/middlewares/middlewares.go:96.20,99.3 2 0
dominus-broker/internal/infrastructure/grpc/middlewares/middlewares.go:101.2,101.48 1 0
dominus-broker/internal/infrastructure/grpc/middlewares/middlewares.go:101.48,104.3 2 0
dominus-broker/internal/infrastructure/grpc/middlewares/middlewares.go:106.2,106.22 1 0
dominus-broker/internal/infrastructure/grpc/middlewares/middlewares.go:106.22,107.53 1 0
dominus-broker/internal/infrastructure/grpc/middlewares/middlewares.go:107.53,109.4 1 0
dominus-broker/internal/infrastructure/grpc/middlewares/middlewares.go:112.2,112.17 1 0
dominus-broker/internal/infrastructure/grpc/inbound/broker_sqs.go:32.3,40.2 2 0
dominus-broker/internal/infrastructure/grpc/inbound/broker_sqs.go:43.105,46.31 2 0
dominus-broker/internal/infrastructure/grpc/inbound/broker_sqs.go:46.31,49.3 2 0
dominus-broker/internal/infrastructure/grpc/inbound/broker_sqs.go:51.2,51.46 1 0
dominus-broker/internal/infrastructure/grpc/inbound/broker_sqs.go:51.46,54.3 2 0
dominus-broker/internal/infrastructure/grpc/inbound/broker_sqs.go:56.2,56.45 1 0
dominus-broker/internal/infrastructure/grpc/inbound/broker_sqs.go:59.105,62.27 2 0
dominus-broker/internal/infrastructure/grpc/inbound/broker_sqs.go:62.27,65.3 2 0
dominus-broker/internal/infrastructure/grpc/inbound/broker_sqs.go:67.2,67.28 1 0
dominus-broker/internal/infrastructure/grpc/inbound/broker_sqs.go:67.28,70.3 2 0
dominus-broker/internal/infrastructure/grpc/inbound/broker_sqs.go:72.2,73.16 2 0
dominus-broker/internal/infrastructure/grpc/inbound/broker_sqs.go:73.16,76.3 2 0
dominus-broker/internal/infrastructure/grpc/inbound/broker_sqs.go:78.2,82.8 1 0
dominus-broker/internal/infrastructure/grpc/inbound/broker_sqs.go:85.100,88.29 2 0
dominus-broker/internal/infrastructure/grpc/inbound/broker_sqs.go:88.29,91.3 2 0
dominus-broker/internal/infrastructure/grpc/inbound/broker_sqs.go:93.2,93.27 1 0
dominus-broker/internal/infrastructure/grpc/inbound/broker_sqs.go:93.27,96.3 2 0
dominus-broker/internal/infrastructure/grpc/inbound/broker_sqs.go:98.2,98.28 1 0
dominus-broker/internal/infrastructure/grpc/inbound/broker_sqs.go:98.28,101.3 2 0
dominus-broker/internal/infrastructure/grpc/inbound/broker_sqs.go:103.2,103.41 1 0
dominus-broker/internal/infrastructure/grpc/inbound/broker_sqs.go:103.41,106.3 2 0
dominus-broker/internal/infrastructure/grpc/inbound/broker_sqs.go:108.2,111.8 1 0
dominus-broker/internal/infrastructure/grpc/inbound/broker_stream.go:34.3,42.2 2 0
dominus-broker/internal/infrastructure/grpc/inbound/broker_stream.go:45.83,50.19 4 0
dominus-broker/internal/infrastructure/grpc/inbound/broker_stream.go:50.19,55.3 2 0
dominus-broker/internal/infrastructure/grpc/inbound/broker_stream.go:57.2,57.16 1 0
dominus-broker/internal/infrastructure/grpc/inbound/broker_stream.go:57.16,60.3 2 0
dominus-broker/internal/infrastructure/grpc/inbound/broker_stream.go:62.2,64.4 1 0
dominus-broker/internal/infrastructure/grpc/inbound/broker_stream.go:68.112,72.2 3 0
dominus-broker/internal/infrastructure/grpc/inbound/broker_stream.go:75.97,79.2 3 0
dominus-broker/internal/infrastructure/grpc/mappers/mappers.go:17.108,21.2 1 0
dominus-broker/internal/infrastructure/grpc/mappers/mappers.go:23.68,25.2 1 0
dominus-broker/internal/infrastructure/grpc/mappers/mappers.go:27.54,32.2 1 0
dominus-broker/internal/infrastructure/grpc/mappers/mappers.go:34.57,36.2 1 0
dominus-broker/internal/infrastructure/grpc/mappers/mappers.go:42.94,46.2 1 0
dominus-broker/internal/infrastructure/grpc/mappers/mappers.go:48.72,50.2 1 0
dominus-broker/internal/infrastructure/grpc/mappers/mappers.go:52.61,54.2 1 0
dominus-broker/internal/infrastructure/grpc/mappers/mappers.go:60.94,64.2 1 0
dominus-broker/internal/infrastructure/grpc/mappers/mappers.go:66.62,71.2 1 0
dominus-broker/internal/infrastructure/grpc/mappers/mappers.go:73.61,75.2 1 0
dominus-broker/internal/infrastructure/fasthttp/middlewares/api_middleware.go:20.67,25.2 1 0
dominus-broker/internal/infrastructure/fasthttp/middlewares/api_middleware.go:27.72,28.60 1 0
dominus-broker/internal/infrastructure/fasthttp/middlewares/api_middleware.go:28.60,30.3 1 0
dominus-broker/internal/infrastructure/fasthttp/middlewares/api_middleware.go:31.2,32.41 2 0
dominus-broker/internal/infrastructure/fasthttp/middlewares/api_middleware.go:32.41,34.3 1 0
dominus-broker/internal/infrastructure/fasthttp/middlewares/api_middleware.go:35.2,38.67 4 0
dominus-broker/internal/infrastructure/fasthttp/middlewares/api_middleware.go:38.67,41.3 2 0
dominus-broker/internal/infrastructure/fasthttp/middlewares/api_middleware.go:42.2,42.12 1 0
dominus-broker/internal/infrastructure/fasthttp/middlewares/host_allowed.go:17.63,22.2 1 0
dominus-broker/internal/infrastructure/fasthttp/middlewares/host_allowed.go:24.71,26.16 2 0
dominus-broker/internal/infrastructure/fasthttp/middlewares/host_allowed.go:26.16,29.3 2 0
dominus-broker/internal/infrastructure/fasthttp/middlewares/host_allowed.go:30.2,30.40 1 0
dominus-broker/internal/infrastructure/fasthttp/middlewares/host_allowed.go:30.40,33.3 2 0
dominus-broker/internal/infrastructure/fasthttp/middlewares/host_allowed.go:34.2,34.12 1 0
dominus-broker/internal/infrastructure/fasthttp/middlewares/middlewares.go:22.33,26.2 1 0
dominus-broker/internal/infrastructure/fasthttp/middlewares/middlewares.go:28.56,30.2 1 0
dominus-broker/internal/infrastructure/fasthttp/middlewares/middlewares.go:32.91,33.40 1 0
dominus-broker/internal/infrastructure/fasthttp/middlewares/middlewares.go:33.40,34.30 1 0
dominus-broker/internal/infrastructure/fasthttp/middlewares/middlewares.go:34.30,35.51 1 0
dominus-broker/internal/infrastructure/fasthttp/middlewares/middlewares.go:35.51,40.5 4 0
dominus-broker/internal/infrastructure/fasthttp/middlewares/middlewares.go:42.3,42.15 1 0
dominus-broker/internal/infrastructure/fasthttp/inbound/monitor_api.go:31.40,33.2 1 0
dominus-broker/internal/infrastructure/fasthttp/inbound/monitor_api.go:35.51,37.2 1 0
dominus-broker/internal/infrastructure/fasthttp/inbound/monitor_api.go:39.43,41.2 1 0
dominus-broker/internal/infrastructure/fasthttp/inbound/monitor_api.go:50.81,59.2 3 0
dominus-broker/internal/infrastructure/fasthttp/inbound/monitor_api.go:61.82,66.45 2 0
dominus-broker/internal/infrastructure/fasthttp/inbound/monitor_api.go:66.45,68.3 1 0
dominus-broker/internal/infrastructure/fasthttp/inbound/monitor_api.go:69.2,69.17 1 0
dominus-broker/internal/infrastructure/fasthttp/inbound/monitor_api.go:72.36,74.16 2 0
dominus-broker/internal/infrastructure/fasthttp/inbound/monitor_api.go:74.16,76.3 1 0
dominus-broker/internal/infrastructure/fasthttp/inbound/monitor_api.go:77.2,78.16 2 0
dominus-broker/internal/infrastructure/fasthttp/inbound/monitor_api.go:78.16,80.3 1 0
dominus-broker/internal/infrastructure/fasthttp/inbound/monitor_api.go:83.56,87.16 4 0
dominus-broker/internal/infrastructure/fasthttp/inbound/monitor_api.go:87.16,90.3 2 0
dominus-broker/internal/infrastructure/fasthttp/inbound/monitor_api.go:91.2,92.30 2 0
dominus-broker/internal/infrastructure/fasthttp/inbound/monitor_api.go:95.58,99.2 3 0
dominus-broker/internal/infrastructure/fasthttp/inbound/monitor_api.go:101.26,104.2 2 0
dominus-broker/internal/domain/entities/message.go:16.48,22.2 1 0
dominus-broker/internal/domain/entities/message.go:24.28,26.2 1 0
dominus-broker/internal/domain/entities/message.go:28.43,30.2 1 0
dominus-broker/internal/domain/entities/message.go:31.39,33.2 1 0
dominus-broker/internal/domain/entities/message.go:35.48,36.31 1 0
dominus-broker/internal/domain/entities/message.go:36.31,38.3 1 0
dominus-broker/internal/domain/entities/message.go:39.2,40.13 2 0
dominus-broker/internal/domain/entities/message.go:43.41,45.2 1 0
dominus-broker/internal/domain/entities/message.go:47.44,49.2 1 0
dominus-broker/internal/domain/entities/message.go:50.47,52.2 1 0
dominus-broker/internal/domain/entities/message.go:54.54,56.19 2 0
dominus-broker/internal/domain/entities/message.go:56.19,58.3 1 0
dominus-broker/internal/domain/entities/message.go:59.2,61.35 3 0
dominus-broker/internal/infrastructure/event/event.go:26.53,37.2 2 0
dominus-broker/internal/infrastructure/event/event.go:39.68,43.17 3 0
dominus-broker/internal/infrastructure/event/event.go:43.17,45.3 1 0
dominus-broker/internal/infrastructure/event/event.go:45.8,47.3 1 0
dominus-broker/internal/infrastructure/event/event.go:48.2,53.16 2 0
dominus-broker/internal/infrastructure/event/event.go:53.16,55.3 1 0
dominus-broker/internal/infrastructure/event/event.go:57.2,57.27 1 0
dominus-broker/internal/infrastructure/event/event.go:60.60,62.15 2 0
dominus-broker/internal/infrastructure/event/event.go:62.15,65.3 2 0
dominus-broker/internal/infrastructure/event/event.go:66.2,66.12 1 0
dominus-broker/internal/infrastructure/event/event.go:69.53,70.16 1 0
dominus-broker/internal/infrastructure/event/event.go:71.22,72.30 1 0
dominus-broker/internal/infrastructure/event/event.go:73.10,74.27 1 0
dominus-broker/internal/infrastructure/event/event.go:78.56,79.2 0 0
dominus-broker/internal/infrastructure/event/event.go:81.52,82.15 1 0
dominus-broker/internal/infrastructure/event/event.go:83.17,84.15 1 0
dominus-broker/internal/infrastructure/event/event.go:84.15,86.4 1 0
dominus-broker/internal/infrastructure/event/event.go:87.18,88.15 1 0
dominus-broker/internal/infrastructure/event/event.go:88.15,90.4 1 0
dominus-broker/internal/infrastructure/event/event.go:91.17,92.15 1 0
dominus-broker/internal/infrastructure/event/event.go:92.15,94.4 1 0
dominus-broker/internal/infrastructure/event/event.go:95.10,96.48 1 0
dominus-broker/internal/infrastructure/redis/cmemory/outbound.go:29.29,33.9 2 0
dominus-broker/internal/infrastructure/redis/cmemory/outbound.go:33.9,37.3 1 0
dominus-broker/internal/infrastructure/redis/cmemory/outbound.go:39.2,47.70 2 0
dominus-broker/internal/infrastructure/redis/cmemory/outbound.go:47.70,48.13 1 0
dominus-broker/internal/infrastructure/redis/cmemory/outbound.go:50.2,53.3 1 0
dominus-broker/internal/infrastructure/redis/cmemory/outbound.go:56.78,62.16 2 0
dominus-broker/internal/infrastructure/redis/cmemory/outbound.go:62.16,64.3 1 0
dominus-broker/internal/infrastructure/redis/cmemory/outbound.go:65.2,71.26 1 0
dominus-broker/internal/infrastructure/redis/cmemory/outbound.go:71.26,73.3 1 0
dominus-broker/internal/infrastructure/redis/cmemory/outbound.go:74.2,74.12 1 0
dominus-broker/internal/infrastructure/redis/cmemory/outbound.go:77.83,78.78 1 0
dominus-broker/internal/infrastructure/redis/cmemory/outbound.go:78.78,80.3 1 0
dominus-broker/internal/infrastructure/redis/cmemory/outbound.go:81.2,81.12 1 0
dominus-broker/internal/infrastructure/redis/cmemory/outbound.go:84.103,93.16 2 0
dominus-broker/internal/infrastructure/redis/cmemory/outbound.go:93.16,95.3 1 0
dominus-broker/internal/infrastructure/redis/cmemory/outbound.go:97.2,101.67 4 0
dominus-broker/internal/infrastructure/redis/cmemory/outbound.go:101.67,103.3 1 0
dominus-broker/internal/infrastructure/redis/cmemory/outbound.go:105.2,106.42 2 0
dominus-broker/internal/infrastructure/redis/cmemory/outbound.go:106.42,108.3 1 0
dominus-broker/internal/infrastructure/redis/cmemory/outbound.go:110.2,112.20 3 0
dominus-broker/internal/infrastructure/redis/cmemory/outbound.go:115.46,117.2 1 0
dominus-broker/internal/infrastructure/grpc/outbound/client_stream.go:22.86,27.2 1 0
dominus-broker/internal/infrastructure/grpc/outbound/client_stream.go:29.92,33.71 3 0
dominus-broker/internal/infrastructure/grpc/outbound/client_stream.go:33.71,35.17 2 0
dominus-broker/internal/infrastructure/grpc/outbound/client_stream.go:35.17,37.4 1 0
dominus-broker/internal/infrastructure/grpc/outbound/client_stream.go:38.3,39.29 2 0
dominus-broker/internal/infrastructure/grpc/outbound/client_stream.go:41.2,41.43 1 0
dominus-broker/internal/infrastructure/grpc/outbound/client_stream.go:41.43,43.31 2 0
dominus-broker/internal/infrastructure/grpc/outbound/client_stream.go:43.31,48.18 5 0
dominus-broker/internal/infrastructure/grpc/outbound/client_stream.go:48.18,54.19 4 0
dominus-broker/internal/infrastructure/grpc/outbound/client_stream.go:54.19,59.6 4 0
dominus-broker/internal/infrastructure/grpc/outbound/client_stream.go:60.10,62.19 2 0
dominus-broker/internal/infrastructure/grpc/outbound/client_stream.go:62.19,66.6 3 0
dominus-broker/internal/infrastructure/grpc/outbound/client_stream.go:71.2,71.27 1 0
dominus-broker/internal/infrastructure/grpc/outbound/client_stream.go:71.27,74.3 2 0
dominus-broker/internal/infrastructure/grpc/outbound/client_stream.go:76.2,76.21 1 0
dominus-broker/internal/infrastructure/grpc/outbound/client_stream.go:76.21,77.36 1 0
dominus-broker/internal/infrastructure/grpc/outbound/client_stream.go:77.36,79.4 1 0
dominus-broker/internal/infrastructure/grpc/outbound/client_stream.go:83.130,87.71 3 0
dominus-broker/internal/infrastructure/grpc/outbound/client_stream.go:87.71,89.17 2 0
dominus-broker/internal/infrastructure/grpc/outbound/client_stream.go:89.17,91.4 1 0
dominus-broker/internal/infrastructure/grpc/outbound/client_stream.go:92.3,97.42 3 0
dominus-broker/internal/infrastructure/grpc/outbound/client_stream.go:100.2,100.27 1 0
dominus-broker/internal/infrastructure/grpc/outbound/client_stream.go:100.27,101.23 1 0
dominus-broker/internal/infrastructure/grpc/outbound/client_stream.go:101.23,103.3 2 0
dominus-broker/internal/infrastructure/grpc/outbound/client_stream.go:104.4,105.18 2 0
dominus-broker/internal/infrastructure/grpc/outbound/client_stream.go:105.18,106.9 1 0
dominus-broker/internal/infrastructure/grpc/outbound/client_stream.go:106.9,108.23 2 0
dominus-broker/internal/infrastructure/grpc/outbound/client_stream.go:108.23,111.7 2 0
dominus-broker/internal/infrastructure/grpc/outbound/client_stream.go:111.12,111.44 1 0
dominus-broker/internal/infrastructure/grpc/outbound/client_stream.go:111.44,113.24 2 0
dominus-broker/internal/infrastructure/grpc/outbound/client_stream.go:114.12,116.7 1 0
dominus-broker/internal/infrastructure/grpc/outbound/client_stream.go:118.10,120.9 2 0
dominus-broker/internal/infrastructure/grpc/outbound/client_stream.go:120.9,121.13 1 0
dominus-broker/internal/infrastructure/grpc/outbound/client_stream.go:122.24,124.13 2 0
dominus-broker/internal/infrastructure/grpc/outbound/client_stream.go:125.21,127.24 2 0
dominus-broker/internal/infrastructure/grpc/outbound/client_stream.go:134.2,135.15 2 0
dominus-broker/internal/infrastructure/grpc/outbound/client_stream.go:135.15,137.3 1 0
dominus-broker/internal/infrastructure/grpc/outbound/client_stream.go:141.145,149.78 3 0
dominus-broker/internal/infrastructure/grpc/outbound/client_stream.go:149.78,151.17 2 0
dominus-broker/internal/infrastructure/grpc/outbound/client_stream.go:151.17,153.4 1 0
dominus-broker/internal/infrastructure/grpc/outbound/client_stream.go:154.3,155.36 2 0
dominus-broker/internal/infrastructure/grpc/outbound/client_stream.go:158.2,163.25 5 0
dominus-broker/internal/infrastructure/grpc/outbound/client_stream.go:163.25,167.31 3 0
dominus-broker/internal/infrastructure/grpc/outbound/client_stream.go:167.31,173.29 6 0
dominus-broker/internal/infrastructure/grpc/outbound/client_stream.go:173.29,178.20 2 0
dominus-broker/internal/infrastructure/grpc/outbound/client_stream.go:178.20,183.6 4 0
dominus-broker/internal/infrastructure/grpc/outbound/client_stream.go:184.10,186.20 2 0
dominus-broker/internal/infrastructure/grpc/outbound/client_stream.go:186.20,190.6 3 0
dominus-broker/internal/infrastructure/grpc/outbound/client_stream.go:193.3,195.25 2 0
dominus-broker/internal/infrastructure/grpc/outbound/client_stream.go:195.25,198.3 2 0
dominus-broker/internal/infrastructure/grpc/outbound/client_stream.go:199.4,205.29 6 0
dominus-broker/internal/infrastructure/grpc/outbound/client_stream.go:205.29,207.9 2 0
dominus-broker/internal/infrastructure/grpc/outbound/client_stream.go:207.9,208.13 1 0
dominus-broker/internal/infrastructure/grpc/outbound/client_stream.go:209.24,211.13 2 0
dominus-broker/internal/infrastructure/grpc/outbound/client_stream.go:212.21,215.22 3 0
dominus-broker/internal/infrastructure/grpc/outbound/client_stream.go:215.22,219.8 3 0
dominus-broker/internal/infrastructure/grpc/outbound/client_stream.go:220.7,220.24 1 0
dominus-broker/internal/infrastructure/grpc/outbound/client_stream.go:225.4,225.8 1 0
dominus-broker/internal/infrastructure/grpc/outbound/client_stream.go:225.8,227.23 2 0
dominus-broker/internal/infrastructure/grpc/outbound/client_stream.go:227.23,230.6 2 0
dominus-broker/internal/infrastructure/grpc/outbound/client_stream.go:231.5,231.38 1 0
dominus-broker/internal/infrastructure/grpc/outbound/client_stream.go:231.38,232.26 1 0
dominus-broker/internal/infrastructure/grpc/outbound/client_stream.go:232.26,235.7 2 0
dominus-broker/internal/infrastructure/grpc/outbound/client_stream.go:236.6,239.23 4 0
dominus-broker/internal/infrastructure/grpc/outbound/client_stream.go:241.5,241.12 1 0
dominus-broker/internal/infrastructure/grpc/outbound/client_stream.go:242.23,243.12 1 0
dominus-broker/internal/infrastructure/grpc/outbound/client_stream.go:244.38,244.38 0 0
dominus-broker/internal/infrastructure/grpc/outbound/client_stream.go:250.2,250.27 1 0
dominus-broker/internal/infrastructure/grpc/outbound/client_stream.go:250.27,251.36 1 0
dominus-broker/internal/infrastructure/grpc/outbound/client_stream.go:251.36,253.4 1 0
dominus-broker/internal/infrastructure/grpc/outbound/client_stream.go:256.2,257.15 2 0
dominus-broker/internal/infrastructure/grpc/outbound/client_stream.go:257.15,259.3 1 0
dominus-broker/mocks/mock_dto_ack.go:31.57,35.2 3 0
dominus-broker/mocks/mock_dto_ack.go:38.55,40.2 1 0
dominus-broker/mocks/mock_dto_ack.go:43.42,48.2 4 0
dominus-broker/mocks/mock_dto_ack.go:51.61,54.2 2 0
dominus-broker/mocks/mock_dto_ack.go:57.44,62.2 4 0
dominus-broker/mocks/mock_dto_ack.go:65.63,68.2 2 0
dominus-broker/mocks/mock_dto_ack.go:71.43,76.2 4 0
dominus-broker/mocks/mock_dto_ack.go:79.62,82.2 2 0
dominus-broker/mocks/mock_dto_consumer.go:31.67,35.2 3 0
dominus-broker/mocks/mock_dto_consumer.go:38.65,40.2 1 0
dominus-broker/mocks/mock_dto_consumer.go:43.47,48.2 4 0
dominus-broker/mocks/mock_dto_consumer.go:51.66,54.2 2 0
dominus-broker/mocks/mock_dto_consumer.go:57.49,62.2 4 0
dominus-broker/mocks/mock_dto_consumer.go:65.68,68.2 2 0
dominus-broker/mocks/mock_dto_consumer.go:71.48,76.2 4 0
dominus-broker/mocks/mock_dto_consumer.go:79.67,82.2 2 0
dominus-broker/mocks/mock_dto_producer.go:31.67,35.2 3 0
dominus-broker/mocks/mock_dto_producer.go:38.65,40.2 1 0
dominus-broker/mocks/mock_dto_producer.go:43.47,48.2 4 0
dominus-broker/mocks/mock_dto_producer.go:51.66,54.2 2 0
dominus-broker/mocks/mock_dto_stream_bidirectional.go:33.89,37.2 3 0
dominus-broker/mocks/mock_dto_stream_bidirectional.go:40.87,42.2 1 0
dominus-broker/mocks/mock_dto_stream_bidirectional.go:45.64,50.2 4 0
dominus-broker/mocks/mock_dto_stream_bidirectional.go:53.74,56.2 2 0
dominus-broker/mocks/mock_dto_stream_bidirectional.go:59.75,65.2 5 0
dominus-broker/mocks/mock_dto_stream_bidirectional.go:68.71,71.2 2 0
dominus-broker/mocks/mock_dto_stream_bidirectional.go:74.61,79.2 4 0
dominus-broker/mocks/mock_dto_stream_bidirectional.go:82.78,85.2 2 0
dominus-broker/mocks/mock_dto_stream_client.go:33.75,37.2 3 0
dominus-broker/mocks/mock_dto_stream_client.go:40.73,42.2 1 0
dominus-broker/mocks/mock_dto_stream_client.go:45.57,50.2 4 0
dominus-broker/mocks/mock_dto_stream_client.go:53.67,56.2 2 0
dominus-broker/mocks/mock_dto_stream_client.go:59.68,65.2 5 0
dominus-broker/mocks/mock_dto_stream_client.go:68.64,71.2 2 0
dominus-broker/mocks/mock_dto_stream_server.go:32.77,36.2 3 0
dominus-broker/mocks/mock_dto_stream_server.go:39.75,41.2 1 0
dominus-broker/mocks/mock_dto_stream_server.go:44.52,49.2 4 0
dominus-broker/mocks/mock_dto_stream_server.go:52.71,55.2 2 0
dominus-broker/mocks/mock_dto_stream_server.go:58.58,63.2 4 0
dominus-broker/mocks/mock_dto_stream_server.go:66.75,69.2 2 0
dominus-broker/mocks/mock_dto_stream_server.go:84.75,88.2 3 0
dominus-broker/mocks/mock_dto_stream_server.go:91.73,93.2 1 0
dominus-broker/mocks/mock_dto_stream_server.go:96.57,101.2 4 0
dominus-broker/mocks/mock_dto_stream_server.go:104.67,107.2 2 0
dominus-broker/mocks/mock_dto_stream_server.go:110.58,115.2 4 0
dominus-broker/mocks/mock_dto_stream_server.go:118.75,121.2 2 0
dominus-broker/mocks/mock_infrastructure_event.go:32.55,36.2 3 0
dominus-broker/mocks/mock_infrastructure_event.go:39.53,41.2 1 0
dominus-broker/mocks/mock_infrastructure_event.go:44.66,49.2 4 0
dominus-broker/mocks/mock_infrastructure_event.go:52.64,55.2 2 0
dominus-broker/mocks/mock_infrastructure_event.go:58.74,61.2 2 0
dominus-broker/mocks/mock_infrastructure_event.go:64.81,67.2 2 0
dominus-broker/mocks/mock_repositories_broker.go:32.69,36.2 3 0
dominus-broker/mocks/mock_repositories_broker.go:39.67,41.2 1 0
dominus-broker/mocks/mock_repositories_broker.go:44.149,47.2 2 0
dominus-broker/mocks/mock_repositories_broker.go:50.110,53.2 2 0
dominus-broker/mocks/mock_repositories_broker.go:56.96,59.2 2 0
dominus-broker/mocks/mock_repositories_broker.go:62.87,65.2 2 0
dominus-broker/mocks/mock_repositories_broker.go:68.136,71.2 2 0
dominus-broker/mocks/mock_repositories_broker.go:74.104,77.2 2 0
dominus-broker/mocks/mock_repositories_sqs.go:33.69,37.2 3 0
dominus-broker/mocks/mock_repositories_sqs.go:40.67,42.2 1 0
dominus-broker/mocks/mock_repositories_sqs.go:45.93,50.2 4 0
dominus-broker/mocks/mock_repositories_sqs.go:53.94,56.2 2 0
dominus-broker/mocks/mock_repositories_sqs.go:59.113,65.2 5 0
dominus-broker/mocks/mock_repositories_sqs.go:68.93,71.2 2 0
dominus-broker/mocks/mock_repositories_sqs.go:74.56,79.2 4 0
dominus-broker/mocks/mock_repositories_sqs.go:82.73,85.2 2 0
dominus-broker/mocks/mock_repositories_sqs.go:88.88,93.2 4 0
dominus-broker/mocks/mock_repositories_sqs.go:96.78,99.2 2 0
dominus-broker/mocks/mock_repositories_sqs.go:114.71,118.2 3 0
dominus-broker/mocks/mock_repositories_sqs.go:121.69,123.2 1 0
dominus-broker/mocks/mock_repositories_sqs.go:126.81,131.2 4 0
dominus-broker/mocks/mock_repositories_sqs.go:134.83,137.2 2 0
dominus-broker/mocks/mock_repositories_sqs.go:140.81,145.2 4 0
dominus-broker/mocks/mock_repositories_sqs.go:148.82,151.2 2 0
dominus-broker/mocks/mock_usecases_ack.go:33.65,37.2 3 0
dominus-broker/mocks/mock_usecases_ack.go:40.63,42.2 1 0
dominus-broker/mocks/mock_usecases_ack.go:45.72,50.2 4 0
dominus-broker/mocks/mock_usecases_ack.go:53.69,56.2 2 0
dominus-broker/mocks/mock_usecases_consumer.go:34.75,38.2 3 0
dominus-broker/mocks/mock_usecases_consumer.go:41.73,43.2 1 0
dominus-broker/mocks/mock_usecases_consumer.go:46.113,52.2 5 0
dominus-broker/mocks/mock_usecases_consumer.go:55.79,58.2 2 0
dominus-broker/mocks/mock_usecases_producer.go:33.75,37.2 3 0
dominus-broker/mocks/mock_usecases_producer.go:40.73,42.2 1 0
dominus-broker/mocks/mock_usecases_producer.go:45.92,50.2 4 0
dominus-broker/mocks/mock_usecases_producer.go:53.79,56.2 2 0
dominus-broker/mocks/mock_usecases_stream_bidirectional.go:32.97,36.2 3 0
dominus-broker/mocks/mock_usecases_stream_bidirectional.go:39.95,41.2 1 0
dominus-broker/mocks/mock_usecases_stream_bidirectional.go:44.115,49.2 4 0
dominus-broker/mocks/mock_usecases_stream_bidirectional.go:52.96,55.2 2 0
dominus-broker/mocks/mock_usecases_stream_client.go:32.83,36.2 3 0
dominus-broker/mocks/mock_usecases_stream_client.go:39.81,41.2 1 0
dominus-broker/mocks/mock_usecases_stream_client.go:44.87,49.2 4 0
dominus-broker/mocks/mock_usecases_stream_client.go:52.82,55.2 2 0
dominus-broker/mocks/mock_usecases_stream_server.go:32.83,36.2 3 0
dominus-broker/mocks/mock_usecases_stream_server.go:39.81,41.2 1 0
dominus-broker/mocks/mock_usecases_stream_server.go:44.122,49.2 4 0
dominus-broker/mocks/mock_usecases_stream_server.go:52.87,55.2 2 0
dominus-broker/internal/infrastructure/redis/cchecker/outbound.go:27.30,31.9 2 0
dominus-broker/internal/infrastructure/redis/cchecker/outbound.go:31.9,35.3 1 0
dominus-broker/internal/infrastructure/redis/cchecker/outbound.go:37.2,45.70 2 0
dominus-broker/internal/infrastructure/redis/cchecker/outbound.go:45.70,46.13 1 0
dominus-broker/internal/infrastructure/redis/cchecker/outbound.go:48.2,51.3 1 0
dominus-broker/internal/infrastructure/redis/cchecker/outbound.go:54.71,58.26 1 0
dominus-broker/internal/infrastructure/redis/cchecker/outbound.go:58.26,60.3 1 0
dominus-broker/internal/infrastructure/redis/cchecker/outbound.go:61.2,61.12 1 0
dominus-broker/internal/infrastructure/redis/cchecker/outbound.go:64.71,66.16 2 0
dominus-broker/internal/infrastructure/redis/cchecker/outbound.go:66.16,68.3 1 0
dominus-broker/internal/infrastructure/redis/cchecker/outbound.go:69.2,69.17 1 0
dominus-broker/internal/infrastructure/redis/cchecker/outbound.go:69.17,71.3 1 0
dominus-broker/internal/infrastructure/redis/cchecker/outbound.go:72.2,72.14 1 0
